
> thevaki-portfolio@1.0.0 build
> tsc && vite build

[36mvite v5.4.21 [32mbuilding for production...[36m[39m
transforming...
[32mΓ£ô[39m 4 modules transformed.
node.exe : [31mx[39m Build failed in 1.43s
At line:1 char:1
+ & "C:\Program Files\nodejs/node.exe" "C:\Program Files\nodejs/node_mo ...
+ ~~~~~~~~~~~~~~~~~~~~~~~~~~~~~~~~~~~~~~~~~~~~~~~~~~~~~~~~~~~~~~~~~~~~~
    + CategoryInfo          : NotSpecified: ([31mx[39m Build failed in 1.43s:String) [], RemoteException
    + FullyQualifiedErrorId : NativeCommandError
 
[31merror during build:
[31m[vite]: Rollup failed to resolve import "@tanstack/react-query" from "C:/Users/Thevaki/Desktop/Thevaki's Portfolio Website/src/App.tsx".
This is most likely unintended because it can break your application at runtime.
If you do want to externalize this module explicitly add it to
`build.rollupOptions.external`[31m
    at viteWarn (file:///C:/Users/Thevaki/Desktop/Thevaki's%20Portfolio%20Website/node_modules/vite/dist/node/chunks/dep-BK3b2jBa.js:65855:17)
    at onwarn (file:///C:/Users/Thevaki/Desktop/Thevaki's%20Portfolio%20Website/node_modules/@vitejs/plugin-react/dist/index.js:90:7)
    at onRollupWarning 
(file:///C:/Users/Thevaki/Desktop/Thevaki's%20Portfolio%20Website/node_modules/vite/dist/node/chunks/dep-BK3b2jBa.js:65885:5)
    at onwarn (file:///C:/Users/Thevaki/Desktop/Thevaki's%20Portfolio%20Website/node_modules/vite/dist/node/chunks/dep-BK3b2jBa.js:65550:7)
    at file:///C:/Users/Thevaki/Desktop/Thevaki's%20Portfolio%20Website/node_modules/rollup/dist/es/shared/node-entry.js:20972:13
    at Object.logger [as onLog] 
(file:///C:/Users/Thevaki/Desktop/Thevaki's%20Portfolio%20Website/node_modules/rollup/dist/es/shared/node-entry.js:22945:9)
    at ModuleLoader.handleInvalidResolvedId 
(file:///C:/Users/Thevaki/Desktop/Thevaki's%20Portfolio%20Website/node_modules/rollup/dist/es/shared/node-entry.js:21689:26)
    at file:///C:/Users/Thevaki/Desktop/Thevaki's%20Portfolio%20Website/node_modules/rollup/dist/es/shared/node-entry.js:21647:26[39m
